Archive member included to satisfy reference by file (symbol)

C:/ST/STM32CubeIDE_1.13.2/STM32CubeIDE/plugins/com.st.stm32cube.ide.mcu.externaltools.gnu-tools-for-stm32.11.3.rel1.win32_1.1.1.202309131626/tools/bin/../lib/gcc/arm-none-eabi/11.3.1/../../../../arm-none-eabi/lib/thumb/v7e-m+dp/hard\libc_nano.a(libc_a-atoi.o)
                              ./Libraries/console/console.o (atoi)
C:/ST/STM32CubeIDE_1.13.2/STM32CubeIDE/plugins/com.st.stm32cube.ide.mcu.externaltools.gnu-tools-for-stm32.11.3.rel1.win32_1.1.1.202309131626/tools/bin/../lib/gcc/arm-none-eabi/11.3.1/../../../../arm-none-eabi/lib/thumb/v7e-m+dp/hard\libc_nano.a(libc_a-exit.o)
                              C:/ST/STM32CubeIDE_1.13.2/STM32CubeIDE/plugins/com.st.stm32cube.ide.mcu.externaltools.gnu-tools-for-stm32.11.3.rel1.win32_1.1.1.202309131626/tools/bin/../lib/gcc/arm-none-eabi/11.3.1/../../../../arm-none-eabi/lib/thumb/v7e-m+dp/hard/crt0.o (exit)
C:/ST/STM32CubeIDE_1.13.2/STM32CubeIDE/plugins/com.st.stm32cube.ide.mcu.externaltools.gnu-tools-for-stm32.11.3.rel1.win32_1.1.1.202309131626/tools/bin/../lib/gcc/arm-none-eabi/11.3.1/../../../../arm-none-eabi/lib/thumb/v7e-m+dp/hard\libc_nano.a(libc_a-strtol.o)
                              C:/ST/STM32CubeIDE_1.13.2/STM32CubeIDE/plugins/com.st.stm32cube.ide.mcu.externaltools.gnu-tools-for-stm32.11.3.rel1.win32_1.1.1.202309131626/tools/bin/../lib/gcc/arm-none-eabi/11.3.1/../../../../arm-none-eabi/lib/thumb/v7e-m+dp/hard\libc_nano.a(libc_a-atoi.o) (_strtol_r)
C:/ST/STM32CubeIDE_1.13.2/STM32CubeIDE/plugins/com.st.stm32cube.ide.mcu.externaltools.gnu-tools-for-stm32.11.3.rel1.win32_1.1.1.202309131626/tools/bin/../lib/gcc/arm-none-eabi/11.3.1/../../../../arm-none-eabi/lib/thumb/v7e-m+dp/hard\libc_nano.a(libc_a-ctype_.o)
                              C:/ST/STM32CubeIDE_1.13.2/STM32CubeIDE/plugins/com.st.stm32cube.ide.mcu.externaltools.gnu-tools-for-stm32.11.3.rel1.win32_1.1.1.202309131626/tools/bin/../lib/gcc/arm-none-eabi/11.3.1/../../../../arm-none-eabi/lib/thumb/v7e-m+dp/hard\libc_nano.a(libc_a-strtol.o) (_ctype_)
C:/ST/STM32CubeIDE_1.13.2/STM32CubeIDE/plugins/com.st.stm32cube.ide.mcu.externaltools.gnu-tools-for-stm32.11.3.rel1.win32_1.1.1.202309131626/tools/bin/../lib/gcc/arm-none-eabi/11.3.1/../../../../arm-none-eabi/lib/thumb/v7e-m+dp/hard\libc_nano.a(libc_a-findfp.o)
                              C:/ST/STM32CubeIDE_1.13.2/STM32CubeIDE/plugins/com.st.stm32cube.ide.mcu.externaltools.gnu-tools-for-stm32.11.3.rel1.win32_1.1.1.202309131626/tools/bin/../lib/gcc/arm-none-eabi/11.3.1/../../../../arm-none-eabi/lib/thumb/v7e-m+dp/hard\libc_nano.a(libc_a-exit.o) (__stdio_exit_handler)
C:/ST/STM32CubeIDE_1.13.2/STM32CubeIDE/plugins/com.st.stm32cube.ide.mcu.externaltools.gnu-tools-for-stm32.11.3.rel1.win32_1.1.1.202309131626/tools/bin/../lib/gcc/arm-none-eabi/11.3.1/../../../../arm-none-eabi/lib/thumb/v7e-m+dp/hard\libc_nano.a(libc_a-fwalk.o)
                              C:/ST/STM32CubeIDE_1.13.2/STM32CubeIDE/plugins/com.st.stm32cube.ide.mcu.externaltools.gnu-tools-for-stm32.11.3.rel1.win32_1.1.1.202309131626/tools/bin/../lib/gcc/arm-none-eabi/11.3.1/../../../../arm-none-eabi/lib/thumb/v7e-m+dp/hard\libc_nano.a(libc_a-findfp.o) (_fwalk_sglue)
C:/ST/STM32CubeIDE_1.13.2/STM32CubeIDE/plugins/com.st.stm32cube.ide.mcu.externaltools.gnu-tools-for-stm32.11.3.rel1.win32_1.1.1.202309131626/tools/bin/../lib/gcc/arm-none-eabi/11.3.1/../../../../arm-none-eabi/lib/thumb/v7e-m+dp/hard\libc_nano.a(libc_a-stdio.o)
                              C:/ST/STM32CubeIDE_1.13.2/STM32CubeIDE/plugins/com.st.stm32cube.ide.mcu.externaltools.gnu-tools-for-stm32.11.3.rel1.win32_1.1.1.202309131626/tools/bin/../lib/gcc/arm-none-eabi/11.3.1/../../../../arm-none-eabi/lib/thumb/v7e-m+dp/hard\libc_nano.a(libc_a-findfp.o) (__sread)
C:/ST/STM32CubeIDE_1.13.2/STM32CubeIDE/plugins/com.st.stm32cube.ide.mcu.externaltools.gnu-tools-for-stm32.11.3.rel1.win32_1.1.1.202309131626/tools/bin/../lib/gcc/arm-none-eabi/11.3.1/../../../../arm-none-eabi/lib/thumb/v7e-m+dp/hard\libc_nano.a(libc_a-memset.o)
                              C:/ST/STM32CubeIDE_1.13.2/STM32CubeIDE/plugins/com.st.stm32cube.ide.mcu.externaltools.gnu-tools-for-stm32.11.3.rel1.win32_1.1.1.202309131626/tools/bin/../lib/gcc/arm-none-eabi/11.3.1/../../../../arm-none-eabi/lib/thumb/v7e-m+dp/hard/crt0.o (memset)
C:/ST/STM32CubeIDE_1.13.2/STM32CubeIDE/plugins/com.st.stm32cube.ide.mcu.externaltools.gnu-tools-for-stm32.11.3.rel1.win32_1.1.1.202309131626/tools/bin/../lib/gcc/arm-none-eabi/11.3.1/../../../../arm-none-eabi/lib/thumb/v7e-m+dp/hard\libc_nano.a(libc_a-closer.o)
                              C:/ST/STM32CubeIDE_1.13.2/STM32CubeIDE/plugins/com.st.stm32cube.ide.mcu.externaltools.gnu-tools-for-stm32.11.3.rel1.win32_1.1.1.202309131626/tools/bin/../lib/gcc/arm-none-eabi/11.3.1/../../../../arm-none-eabi/lib/thumb/v7e-m+dp/hard\libc_nano.a(libc_a-stdio.o) (_close_r)
[...]
Memory Configuration

Name             Origin             Length             Attributes
RAM              0x0000000020000000 0x0000000000080000 xrw
FLASH            0x0000000008000000 0x0000000000200000 xr
*default*        0x0000000000000000 0xffffffffffffffff

Linker script and memory map

LOAD C:/ST/STM32CubeIDE_1.13.2/STM32CubeIDE/plugins/com.st.stm32cube.ide.mcu.externaltools.gnu-tools-for-stm32.11.3.rel1.win32_1.1.1.202309131626/tools/bin/../lib/gcc/arm-none-eabi/11.3.1/thumb/v7e-m+dp/hard/crti.o
LOAD C:/ST/STM32CubeIDE_1.13.2/STM32CubeIDE/plugins/com.st.stm32cube.ide.mcu.externaltools.gnu-tools-for-stm32.11.3.rel1.win32_1.1.1.202309131626/tools/bin/../lib/gcc/arm-none-eabi/11.3.1/thumb/v7e-m+dp/hard/crtbegin.o
LOAD C:/ST/STM32CubeIDE_1.13.2/STM32CubeIDE/plugins/com.st.stm32cube.ide.mcu.externaltools.gnu-tools-for-stm32.11.3.rel1.win32_1.1.1.202309131626/tools/bin/../lib/gcc/arm-none-eabi/11.3.1/../../../../arm-none-eabi/lib/thumb/v7e-m+dp/hard/crt0.o
LOAD ./Applications/application.o
LOAD ./Core/Src/gpio.o
LOAD ./Core/Src/main.o
LOAD ./Core/Src/stm32f7xx_hal_msp.o
LOAD ./Core/Src/stm32f7xx_it.o
LOAD ./Core/Src/syscalls.o
LOAD ./Core/Src/sysmem.o
LOAD ./Core/Src/system_stm32f7xx.o
LOAD ./Core/Src/usart.o
LOAD ./Core/Startup/startup_stm32f767zitx.o
LOAD ./Drivers/STM32F7xx_HAL_Driver/Src/stm32f7xx_hal.o
LOAD ./Drivers/STM32F7xx_HAL_Driver/Src/stm32f7xx_hal_cortex.o
LOAD ./Drivers/STM32F7xx_HAL_Driver/Src/stm32f7xx_hal_dma.o
LOAD ./Drivers/STM32F7xx_HAL_Driver/Src/stm32f7xx_hal_dma_ex.o
LOAD ./Drivers/STM32F7xx_HAL_Driver/Src/stm32f7xx_hal_exti.o
LOAD ./Drivers/STM32F7xx_HAL_Driver/Src/stm32f7xx_hal_flash.o
LOAD ./Drivers/STM32F7xx_HAL_Driver/Src/stm32f7xx_hal_flash_ex.o
LOAD ./Drivers/STM32F7xx_HAL_Driver/Src/stm32f7xx_hal_gpio.o
LOAD ./Drivers/STM32F7xx_HAL_Driver/Src/stm32f7xx_hal_i2c.o
LOAD ./Drivers/STM32F7xx_HAL_Driver/Src/stm32f7xx_hal_i2c_ex.o
LOAD ./Drivers/STM32F7xx_HAL_Driver/Src/stm32f7xx_hal_pwr.o
LOAD ./Drivers/STM32F7xx_HAL_Driver/Src/stm32f7xx_hal_pwr_ex.o
LOAD ./Drivers/STM32F7xx_HAL_Driver/Src/stm32f7xx_hal_rcc.o
LOAD ./Drivers/STM32F7xx_HAL_Driver/Src/stm32f7xx_hal_rcc_ex.o
LOAD ./Drivers/STM32F7xx_HAL_Driver/Src/stm32f7xx_hal_tim.o
LOAD ./Drivers/STM32F7xx_HAL_Driver/Src/stm32f7xx_hal_tim_ex.o
LOAD ./Drivers/STM32F7xx_HAL_Driver/Src/stm32f7xx_hal_uart.o
LOAD ./Drivers/STM32F7xx_HAL_Driver/Src/stm32f7xx_hal_uart_ex.o
LOAD ./Libraries/console/console.o
LOAD ./Libraries/console/consoleCommands.o
LOAD ./Libraries/console/consoleIo.o
START GROUP
LOAD C:/ST/STM32CubeIDE_1.13.2/STM32CubeIDE/plugins/com.st.stm32cube.ide.mcu.externaltools.gnu-tools-for-stm32.11.3.rel1.win32_1.1.1.202309131626/tools/bin/../lib/gcc/arm-none-eabi/11.3.1/../../../../arm-none-eabi/lib/thumb/v7e-m+dp/hard\libc_nano.a
LOAD C:/ST/STM32CubeIDE_1.13.2/STM32CubeIDE/plugins/com.st.stm32cube.ide.mcu.externaltools.gnu-tools-for-stm32.11.3.rel1.win32_1.1.1.202309131626/tools/bin/../lib/gcc/arm-none-eabi/11.3.1/../../../../arm-none-eabi/lib/thumb/v7e-m+dp/hard\libm.a
END GROUP
START GROUP
LOAD C:/ST/STM32CubeIDE_1.13.2/STM32CubeIDE/plugins/com.st.stm32cube.ide.mcu.externaltools.gnu-tools-for-stm32.11.3.rel1.win32_1.1.1.202309131626/tools/bin/../lib/gcc/arm-none-eabi/11.3.1/thumb/v7e-m+dp/hard\libgcc.a
LOAD C:/ST/STM32CubeIDE_1.13.2/STM32CubeIDE/plugins/com.st.stm32cube.ide.mcu.externaltools.gnu-tools-for-stm32.11.3.rel1.win32_1.1.1.202309131626/tools/bin/../lib/gcc/arm-none-eabi/11.3.1/../../../../arm-none-eabi/lib/thumb/v7e-m+dp/hard\libc_nano.a
END GROUP
START GROUP
LOAD C:/ST/STM32CubeIDE_1.13.2/STM32CubeIDE/plugins/com.st.stm32cube.ide.mcu.externaltools.gnu-tools-for-stm32.11.3.rel1.win32_1.1.1.202309131626/tools/bin/../lib/gcc/arm-none-eabi/11.3.1/thumb/v7e-m+dp/hard\libgcc.a
LOAD C:/ST/STM32CubeIDE_1.13.2/STM32CubeIDE/plugins/com.st.stm32cube.ide.mcu.externaltools.gnu-tools-for-stm32.11.3.rel1.win32_1.1.1.202309131626/tools/bin/../lib/gcc/arm-none-eabi/11.3.1/../../../../arm-none-eabi/lib/thumb/v7e-m+dp/hard\libc_nano.a
LOAD C:/ST/STM32CubeIDE_1.13.2/STM32CubeIDE/plugins/com.st.stm32cube.ide.mcu.externaltools.gnu-tools-for-stm32.11.3.rel1.win32_1.1.1.202309131626/tools/bin/../lib/gcc/arm-none-eabi/11.3.1/../../../../arm-none-eabi/lib/thumb/v7e-m+dp/hard\libnosys.a
END GROUP
START GROUP
LOAD C:/ST/STM32CubeIDE_1.13.2/STM32CubeIDE/plugins/com.st.stm32cube.ide.mcu.externaltools.gnu-tools-for-stm32.11.3.rel1.win32_1.1.1.202309131626/tools/bin/../lib/gcc/arm-none-eabi/11.3.1/thumb/v7e-m+dp/hard\libgcc.a
LOAD C:/ST/STM32CubeIDE_1.13.2/STM32CubeIDE/plugins/com.st.stm32cube.ide.mcu.externaltools.gnu-tools-for-stm32.11.3.rel1.win32_1.1.1.202309131626/tools/bin/../lib/gcc/arm-none-eabi/11.3.1/../../../../arm-none-eabi/lib/thumb/v7e-m+dp/hard\libc_nano.a
LOAD C:/ST/STM32CubeIDE_1.13.2/STM32CubeIDE/plugins/com.st.stm32cube.ide.mcu.externaltools.gnu-tools-for-stm32.11.3.rel1.win32_1.1.1.202309131626/tools/bin/../lib/gcc/arm-none-eabi/11.3.1/../../../../arm-none-eabi/lib/thumb/v7e-m+dp/hard\libnosys.a
END GROUP
LOAD C:/ST/STM32CubeIDE_1.13.2/STM32CubeIDE/plugins/com.st.stm32cube.ide.mcu.externaltools.gnu-tools-for-stm32.11.3.rel1.win32_1.1.1.202309131626/tools/bin/../lib/gcc/arm-none-eabi/11.3.1/thumb/v7e-m+dp/hard/crtend.o
LOAD C:/ST/STM32CubeIDE_1.13.2/STM32CubeIDE/plugins/com.st.stm32cube.ide.mcu.externaltools.gnu-tools-for-stm32.11.3.rel1.win32_1.1.1.202309131626/tools/bin/../lib/gcc/arm-none-eabi/11.3.1/thumb/v7e-m+dp/hard/crtn.o
                0x0000000020080000                _estack = (ORIGIN (RAM) + LENGTH (RAM))
                0x0000000000000200                _Min_Heap_Size = 0x200
                0x0000000000000400                _Min_Stack_Size = 0x400

.isr_vector     0x0000000008000000      0x1f8
                0x0000000008000000                . = ALIGN (0x4)
 *(.isr_vector)
 .isr_vector    0x0000000008000000      0x1f8 ./Core/Startup/startup_stm32f767zitx.o
                0x0000000008000000                g_pfnVectors
                0x00000000080001f8                . = ALIGN (0x4)

.text           0x00000000080001f8     0x4940
                0x00000000080001f8                . = ALIGN (0x4)
 *(.text)
 .text          0x00000000080001f8       0x40 C:/ST/STM32CubeIDE_1.13.2/STM32CubeIDE/plugins/com.st.stm32cube.ide.mcu.externaltools.gnu-tools-for-stm32.11.3.rel1.win32_1.1.1.202309131626/tools/bin/../lib/gcc/arm-none-eabi/11.3.1/thumb/v7e-m+dp/hard/crtbegin.o
 .text          0x0000000008000238       0x10 C:/ST/STM32CubeIDE_1.13.2/STM32CubeIDE/plugins/com.st.stm32cube.ide.mcu.externaltools.gnu-tools-for-stm32.11.3.rel1.win32_1.1.1.202309131626/tools/bin/../lib/gcc/arm-none-eabi/11.3.1/../../../../arm-none-eabi/lib/thumb/v7e-m+dp/hard\libc_nano.a(libc_a-strlen.o)
                0x0000000008000238                strlen
 .text          0x0000000008000248       0x30 C:/ST/STM32CubeIDE_1.13.2/STM32CubeIDE/plugins/com.st.stm32cube.ide.mcu.externaltools.gnu-tools-for-stm32.11.3.rel1.win32_1.1.1.202309131626/tools/bin/../lib/gcc/arm-none-eabi/11.3.1/thumb/v7e-m+dp/hard\libgcc.a(_aeabi_uldivmod.o)
                0x0000000008000248                __aeabi_uldivmod
 .text          0x0000000008000278      0x2c8 C:/ST/STM32CubeIDE_1.13.2/STM32CubeIDE/plugins/com.st.stm32cube.ide.mcu.externaltools.gnu-tools-for-stm32.11.3.rel1.win32_1.1.1.202309131626/tools/bin/../lib/gcc/arm-none-eabi/11.3.1/thumb/v7e-m+dp/hard\libgcc.a(_udivmoddi4.o)
                0x0000000008000278                __udivmoddi4
 .text          0x0000000008000540        0x4 C:/ST/STM32CubeIDE_1.13.2/STM32CubeIDE/plugins/com.st.stm32cube.ide.mcu.externaltools.gnu-tools-for-stm32.11.3.rel1.win32_1.1.1.202309131626/tools/bin/../lib/gcc/arm-none-eabi/11.3.1/thumb/v7e-m+dp/hard\libgcc.a(_dvmd_tls.o)
                0x0000000008000540                __aeabi_idiv0
                0x0000000008000540                __aeabi_ldiv0
 *(.text*)
 .text.MX_GPIO_Init
                0x0000000008000544       0xac ./Core/Src/gpio.o
                0x0000000008000544                MX_GPIO_Init
 .text.main     0x00000000080005f0       0x1e ./Core/Src/main.o
                0x00000000080005f0                main
 *fill*         0x000000000800060e        0x2 
 .text.SystemClock_Config
                0x0000000008000610       0xdc ./Core/Src/main.o
                0x0000000008000610                SystemClock_Config
 .text.Error_Handler
                0x00000000080006ec        0xa ./Core/Src/main.o
                0x00000000080006ec                Error_Handler
 .text.assert_failed
                0x00000000080006f6       0x16 ./Core/Src/main.o
                0x00000000080006f6                assert_failed
 .text.HAL_MspInit
                0x000000000800070c       0x48 ./Core/Src/stm32f7xx_hal_msp.o
                0x000000000800070c                HAL_MspInit
 .text.NMI_Handler
                0x0000000008000754        0x6 ./Core/Src/stm32f7xx_it.o
                0x0000000008000754                NMI_Handler
 .text.HardFault_Handler
                0x000000000800075a        0x6 ./Core/Src/stm32f7xx_it.o
                0x000000000800075a                HardFault_Handler
 .text.MemManage_Handler
                0x0000000008000760        0x6 ./Core/Src/stm32f7xx_it.o
                0x0000000008000760                MemManage_Handler
 .text.BusFault_Handler
                0x0000000008000766        0x6 ./Core/Src/stm32f7xx_it.o
                0x0000000008000766                BusFault_Handler
 .text.UsageFault_Handler
                0x000000000800076c        0x6 ./Core/Src/stm32f7xx_it.o
                0x000000000800076c                UsageFault_Handler
 .text.SVC_Handler
                0x0000000008000772        0xe ./Core/Src/stm32f7xx_it.o
                0x0000000008000772                SVC_Handler
 .text.DebugMon_Handler
                0x0000000008000780        0xe ./Core/Src/stm32f7xx_it.o
                0x0000000008000780                DebugMon_Handler
 .text.PendSV_Handler
                0x000000000800078e        0xe ./Core/Src/stm32f7xx_it.o
                0x000000000800078e                PendSV_Handler
 .text.SysTick_Handler
                0x000000000800079c        0xc ./Core/Src/stm32f7xx_it.o
                0x000000000800079c                SysTick_Handler
 .text.SystemInit
                0x00000000080007a8       0x24 ./Core/Src/system_stm32f7xx.o
                0x00000000080007a8                SystemInit
 .text.MX_USART3_UART_Init
                0x00000000080007cc       0x60 ./Core/Src/usart.o
                0x00000000080007cc                MX_USART3_UART_Init
 .text.HAL_UART_MspInit
                0x000000000800082c       0xc0 ./Core/Src/usart.o
                0x000000000800082c                HAL_UART_MspInit
 .text.Reset_Handler
                0x00000000080008ec       0x50 ./Core/Startup/startup_stm32f767zitx.o
                0x00000000080008ec                Reset_Handler
 .text.Default_Handler
                0x000000000800093c        0x2 ./Core/Startup/startup_stm32f767zitx.o
                0x000000000800093c                RTC_Alarm_IRQHandler
                0x000000000800093c                EXTI2_IRQHandler
                0x000000000800093c                TIM8_CC_IRQHandler
                0x000000000800093c                UART8_IRQHandler
                0x000000000800093c                SPI4_IRQHandler
                0x000000000800093c                TIM1_CC_IRQHandler
                0x000000000800093c                DMA2_Stream5_IRQHandler
                0x000000000800093c                JPEG_IRQHandler
                0x000000000800093c                DMA1_Stream5_IRQHandler
                0x000000000800093c                CAN3_RX1_IRQHandler
                0x000000000800093c                PVD_IRQHandler
                0x000000000800093c                TAMP_STAMP_IRQHandler
                0x000000000800093c                CAN2_RX1_IRQHandler
                0x000000000800093c                EXTI3_IRQHandler
                0x000000000800093c                TIM8_TRG_COM_TIM14_IRQHandler
                0x000000000800093c                DFSDM1_FLT1_IRQHandler
                0x000000000800093c                TIM1_UP_TIM10_IRQHandler
                0x000000000800093c                TIM8_UP_TIM13_IRQHandler
                0x000000000800093c                I2C3_ER_IRQHandler
                0x000000000800093c                DFSDM1_FLT2_IRQHandler
                0x000000000800093c                EXTI0_IRQHandler
                0x000000000800093c                I2C2_EV_IRQHandler
                0x000000000800093c                DMA1_Stream2_IRQHandler
                0x000000000800093c                CAN1_RX0_IRQHandler
                0x000000000800093c                FPU_IRQHandler
                0x000000000800093c                OTG_HS_WKUP_IRQHandler
                0x000000000800093c                CAN3_SCE_IRQHandler
                0x000000000800093c                LTDC_ER_IRQHandler
                0x000000000800093c                CAN2_SCE_IRQHandler
                0x000000000800093c                DMA2_Stream2_IRQHandler
                0x000000000800093c                SPI1_IRQHandler
                0x000000000800093c                TIM6_DAC_IRQHandler
                0x000000000800093c                TIM1_BRK_TIM9_IRQHandler
                0x000000000800093c                DCMI_IRQHandler
                0x000000000800093c                CAN2_RX0_IRQHandler
                0x000000000800093c                DMA2_Stream3_IRQHandler
                0x000000000800093c                SAI2_IRQHandler
                0x000000000800093c                DFSDM1_FLT3_IRQHandler
                0x000000000800093c                USART6_IRQHandler
                0x000000000800093c                CAN3_RX0_IRQHandler
                0x000000000800093c                USART3_IRQHandler
                0x000000000800093c                CAN1_RX1_IRQHandler
                0x000000000800093c                UART5_IRQHandler
                0x000000000800093c                DMA2_Stream0_IRQHandler
                0x000000000800093c                TIM4_IRQHandler
                0x000000000800093c                QUADSPI_IRQHandler
                0x000000000800093c                I2C1_EV_IRQHandler
                0x000000000800093c                DMA1_Stream6_IRQHandler
                0x000000000800093c                DMA1_Stream1_IRQHandler
                0x000000000800093c                UART4_IRQHandler
                0x000000000800093c                TIM3_IRQHandler
                0x000000000800093c                RCC_IRQHandler
                0x000000000800093c                TIM8_BRK_TIM12_IRQHandler
                0x000000000800093c                Default_Handler
                0x000000000800093c                CEC_IRQHandler
                0x000000000800093c                EXTI15_10_IRQHandler
                0x000000000800093c                ADC_IRQHandler
                0x000000000800093c                DMA1_Stream7_IRQHandler
                0x000000000800093c                SPI5_IRQHandler
                0x000000000800093c                TIM7_IRQHandler
                0x000000000800093c                SDMMC1_IRQHandler
                0x000000000800093c                CAN2_TX_IRQHandler
                0x000000000800093c                TIM5_IRQHandler
                0x000000000800093c                DMA2_Stream7_IRQHandler
                0x000000000800093c                I2C3_EV_IRQHandler
                0x000000000800093c                EXTI9_5_IRQHandler
                0x000000000800093c                RTC_WKUP_IRQHandler
                0x000000000800093c                LTDC_IRQHandler
                0x000000000800093c                ETH_WKUP_IRQHandler
                0x000000000800093c                SPDIF_RX_IRQHandler
                0x000000000800093c                SPI2_IRQHandler
                0x000000000800093c                OTG_HS_EP1_IN_IRQHandler
                0x000000000800093c                DMA1_Stream0_IRQHandler
                0x000000000800093c                CAN1_TX_IRQHandler
                0x000000000800093c                EXTI4_IRQHandler
                0x000000000800093c                RNG_IRQHandler
                0x000000000800093c                ETH_IRQHandler
                0x000000000800093c                OTG_HS_EP1_OUT_IRQHandler
                0x000000000800093c                WWDG_IRQHandler
                0x000000000800093c                SPI6_IRQHandler
                0x000000000800093c                MDIOS_IRQHandler
                0x000000000800093c                I2C4_EV_IRQHandler
                0x000000000800093c                CAN3_TX_IRQHandler
                0x000000000800093c                TIM2_IRQHandler
                0x000000000800093c                OTG_FS_WKUP_IRQHandler
                0x000000000800093c                TIM1_TRG_COM_TIM11_IRQHandler
                0x000000000800093c                OTG_HS_IRQHandler
                0x000000000800093c                DMA2D_IRQHandler
                0x000000000800093c                EXTI1_IRQHandler
                0x000000000800093c                SDMMC2_IRQHandler
                0x000000000800093c                UART7_IRQHandler
                0x000000000800093c                USART2_IRQHandler
                0x000000000800093c                DFSDM1_FLT0_IRQHandler
                0x000000000800093c                I2C2_ER_IRQHandler
                0x000000000800093c                DMA2_Stream1_IRQHandler
                0x000000000800093c                CAN1_SCE_IRQHandler
                0x000000000800093c                FLASH_IRQHandler
                0x000000000800093c                DMA2_Stream4_IRQHandler
                0x000000000800093c                USART1_IRQHandler
                0x000000000800093c                OTG_FS_IRQHandler
                0x000000000800093c                SPI3_IRQHandler
                0x000000000800093c                DMA1_Stream4_IRQHandler
                0x000000000800093c                I2C1_ER_IRQHandler
                0x000000000800093c                FMC_IRQHandler
                0x000000000800093c                LPTIM1_IRQHandler
                0x000000000800093c                I2C4_ER_IRQHandler
                0x000000000800093c                DMA2_Stream6_IRQHandler
                0x000000000800093c                SAI1_IRQHandler
                0x000000000800093c                DMA1_Stream3_IRQHandler
 .text.HAL_Init
                0x000000000800093e       0x1a ./Drivers/STM32F7xx_HAL_Driver/Src/stm32f7xx_hal.o
                0x000000000800093e                HAL_Init
 .text.HAL_InitTick
                0x0000000008000958       0x60 ./Drivers/STM32F7xx_HAL_Driver/Src/stm32f7xx_hal.o
                0x0000000008000958                HAL_InitTick
 .text.HAL_IncTick
                0x00000000080009b8       0x28 ./Drivers/STM32F7xx_HAL_Driver/Src/stm32f7xx_hal.o
                0x00000000080009b8                HAL_IncTick
 .text.HAL_GetTick
                0x00000000080009e0       0x18 ./Drivers/STM32F7xx_HAL_Driver/Src/stm32f7xx_hal.o
                0x00000000080009e0                HAL_GetTick
 .text.__NVIC_SetPriorityGrouping
                0x00000000080009f8       0x48 ./Drivers/STM32F7xx_HAL_Driver/Src/stm32f7xx_hal_cortex.o
 .text.__NVIC_GetPriorityGrouping
                0x0000000008000a40       0x1c ./Drivers/STM32F7xx_HAL_Driver/Src/stm32f7xx_hal_cortex.o
 .text.__NVIC_SetPriority
                0x0000000008000a5c       0x54 ./Drivers/STM32F7xx_HAL_Driver/Src/stm32f7xx_hal_cortex.o
 .text.NVIC_EncodePriority
                0x0000000008000ab0       0x66 ./Drivers/STM32F7xx_HAL_Driver/Src/stm32f7xx_hal_cortex.o
 *fill*         0x0000000008000b16        0x2 
 .text.SysTick_Config
                0x0000000008000b18       0x44 ./Drivers/STM32F7xx_HAL_Driver/Src/stm32f7xx_hal_cortex.o
 .text.HAL_NVIC_SetPriorityGrouping
                0x0000000008000b5c       0x40 ./Drivers/STM32F7xx_HAL_Driver/Src/stm32f7xx_hal_cortex.o
                0x0000000008000b5c                HAL_NVIC_SetPriorityGrouping
 .text.HAL_NVIC_SetPriority
                0x0000000008000b9c       0x58 ./Drivers/STM32F7xx_HAL_Driver/Src/stm32f7xx_hal_cortex.o
                0x0000000008000b9c                HAL_NVIC_SetPriority
 .text.HAL_SYSTICK_Config
                0x0000000008000bf4       0x18 ./Drivers/STM32F7xx_HAL_Driver/Src/stm32f7xx_hal_cortex.o
                0x0000000008000bf4                HAL_SYSTICK_Config
 .text.HAL_GPIO_Init
                0x0000000008000c0c      0x700 ./Drivers/STM32F7xx_HAL_Driver/Src/stm32f7xx_hal_gpio.o
                0x0000000008000c0c                HAL_GPIO_Init
 .text.HAL_GPIO_WritePin
                0x000000000800130c       0x58 ./Drivers/STM32F7xx_HAL_Driver/Src/stm32f7xx_hal_gpio.o
                0x000000000800130c                HAL_GPIO_WritePin
 .text.HAL_PWREx_EnableOverDrive
                0x0000000008001364       0xa0 ./Drivers/STM32F7xx_HAL_Driver/Src/stm32f7xx_hal_pwr_ex.o
                0x0000000008001364                HAL_PWREx_EnableOverDrive
 .text.HAL_RCC_OscConfig
                0x0000000008001404      0x6e0 ./Drivers/STM32F7xx_HAL_Driver/Src/stm32f7xx_hal_rcc.o
                0x0000000008001404                HAL_RCC_OscConfig
 .text.HAL_RCC_ClockConfig
                0x0000000008001ae4      0x350 ./Drivers/STM32F7xx_HAL_Driver/Src/stm32f7xx_hal_rcc.o
                0x0000000008001ae4                HAL_RCC_ClockConfig
 .text.HAL_RCC_GetSysClockFreq
                0x0000000008001e34      0x20c ./Drivers/STM32F7xx_HAL_Driver/Src/stm32f7xx_hal_rcc.o
                0x0000000008001e34                HAL_RCC_GetSysClockFreq
 .text.HAL_RCC_GetHCLKFreq
                0x0000000008002040       0x18 ./Drivers/STM32F7xx_HAL_Driver/Src/stm32f7xx_hal_rcc.o
                0x0000000008002040                HAL_RCC_GetHCLKFreq
 .text.HAL_RCC_GetPCLK1Freq
                0x0000000008002058       0x28 ./Drivers/STM32F7xx_HAL_Driver/Src/stm32f7xx_hal_rcc.o
                0x0000000008002058                HAL_RCC_GetPCLK1Freq
 .text.HAL_RCC_GetPCLK2Freq
                0x0000000008002080       0x28 ./Drivers/STM32F7xx_HAL_Driver/Src/stm32f7xx_hal_rcc.o
                0x0000000008002080                HAL_RCC_GetPCLK2Freq
 .text.HAL_RCCEx_PeriphCLKConfig
                0x00000000080020a8     0x10d4 ./Drivers/STM32F7xx_HAL_Driver/Src/stm32f7xx_hal_rcc_ex.o
                0x00000000080020a8                HAL_RCCEx_PeriphCLKConfig
 .text.HAL_UART_Init
                0x000000000800317c      0x180 ./Drivers/STM32F7xx_HAL_Driver/Src/stm32f7xx_hal_uart.o
                0x000000000800317c                HAL_UART_Init
 .text.HAL_UART_Transmit
                0x00000000080032fc      0x106 ./Drivers/STM32F7xx_HAL_Driver/Src/stm32f7xx_hal_uart.o
                0x00000000080032fc                HAL_UART_Transmit
 .text.HAL_UART_Receive
                0x0000000008003402      0x188 ./Drivers/STM32F7xx_HAL_Driver/Src/stm32f7xx_hal_uart.o
                0x0000000008003402                HAL_UART_Receive
 .text.HAL_UART_GetState
                0x000000000800358a       0x28 ./Drivers/STM32F7xx_HAL_Driver/Src/stm32f7xx_hal_uart.o
                0x000000000800358a                HAL_UART_GetState
 *fill*         0x00000000080035b2        0x2 
 .text.UART_SetConfig
                0x00000000080035b4      0x5ec ./Drivers/STM32F7xx_HAL_Driver/Src/stm32f7xx_hal_uart.o
                0x00000000080035b4                UART_SetConfig
 .text.UART_AdvFeatureConfig
                0x0000000008003ba0      0x2b0 ./Drivers/STM32F7xx_HAL_Driver/Src/stm32f7xx_hal_uart.o
                0x0000000008003ba0                UART_AdvFeatureConfig
 .text.UART_CheckIdleState
                0x0000000008003e50       0x9a ./Drivers/STM32F7xx_HAL_Driver/Src/stm32f7xx_hal_uart.o
                0x0000000008003e50                UART_CheckIdleState
 .text.UART_WaitOnFlagUntilTimeout
                0x0000000008003eea      0x18c ./Drivers/STM32F7xx_HAL_Driver/Src/stm32f7xx_hal_uart.o
                0x0000000008003eea                UART_WaitOnFlagUntilTimeout
 .text.ConsoleCommandMatch
                0x0000000008004076       0x9a ./Libraries/console/console.o
 .text.ConsoleResetBuffer
                0x0000000008004110       0x64 ./Libraries/console/console.o
 .text.ConsoleCommandEndline
                0x0000000008004174       0x56 ./Libraries/console/console.o
 *fill*         0x00000000080041ca        0x2 
 .text.ConsoleInit
                0x00000000080041cc       0x5c ./Libraries/console/console.o
                0x00000000080041cc                ConsoleInit
 .text.ConsoleProcess
                0x0000000008004228      0x178 ./Libraries/console/console.o
                0x0000000008004228                ConsoleProcess
 .text.ConsoleParamFindN
                0x00000000080043a0       0x64 ./Libraries/console/console.o
 .text.ConsoleReceiveParamInt16
                0x0000000008004404       0xbc ./Libraries/console/console.o
                0x0000000008004404                ConsoleReceiveParamInt16
 .text.ConsoleReceiveParamHexUint16
                0x00000000080044c0       0x92 ./Libraries/console/console.o
                0x00000000080044c0                ConsoleReceiveParamHexUint16
 .text.ConsoleSendParamHexUint16
                0x0000000008004552       0x72 ./Libraries/console/console.o
                0x0000000008004552                ConsoleSendParamHexUint16
 .text.smallItoa
                0x00000000080045c4       0xaa ./Libraries/console/console.o
 .text.ConsoleSendParamInt16
                0x000000000800466e       0x2e ./Libraries/console/console.o
                0x000000000800466e                ConsoleSendParamInt16
 .text.ConsoleUtilHexCharToInt
                0x000000000800469c       0x82 ./Libraries/console/console.o
 .text.ConsoleUtilsIntToHexChar
                0x000000000800471e       0x4c ./Libraries/console/console.o
 .text.ConsoleCommandComment
                0x000000000800476a       0x16 ./Libraries/console/consoleCommands.o
 .text.ConsoleCommandHelp
                0x0000000008004780       0x74 ./Libraries/console/consoleCommands.o
 .text.ConsoleCommandParamExampleInt16
                0x00000000080047f4       0x68 ./Libraries/console/consoleCommands.o
 .text.ConsoleCommandParamExampleHexUint16
                0x000000000800485c       0x48 ./Libraries/console/consoleCommands.o
 .text.ConsoleCommandVer
                0x00000000080048a4       0x2c ./Libraries/console/consoleCommands.o
 .text.ConsoleCommandsGetTable
                0x00000000080048d0       0x14 ./Libraries/console/consoleCommands.o
                0x00000000080048d0                ConsoleCommandsGetTable
 .text.ConsoleIoInit
                0x00000000080048e4       0x10 ./Libraries/console/consoleIo.o
                0x00000000080048e4                ConsoleIoInit
 .text.ConsoleIoReceive
                0x00000000080048f4       0x70 ./Libraries/console/consoleIo.o
                0x00000000080048f4                ConsoleIoReceive
 .text.ConsoleIoSendString
                0x0000000008004964       0x38 ./Libraries/console/consoleIo.o
                0x0000000008004964                ConsoleIoSendString
 .text.atoi     0x000000000800499c        0x8 C:/ST/STM32CubeIDE_1.13.2/STM32CubeIDE/plugins/com.st.stm32cube.ide.mcu.externaltools.gnu-tools-for-stm32.11.3.rel1.win32_1.1.1.202309131626/tools/bin/../lib/gcc/arm-none-eabi/11.3.1/../../../../arm-none-eabi/lib/thumb/v7e-m+dp/hard\libc_nano.a(libc_a-atoi.o)
                0x000000000800499c                atoi
 .text._strtol_l.constprop.0
                0x00000000080049a4      0x104 C:/ST/STM32CubeIDE_1.13.2/STM32CubeIDE/plugins/com.st.stm32cube.ide.mcu.externaltools.gnu-tools-for-stm32.11.3.rel1.win32_1.1.1.202309131626/tools/bin/../lib/gcc/arm-none-eabi/11.3.1/../../../../arm-none-eabi/lib/thumb/v7e-m+dp/hard\libc_nano.a(libc_a-strtol.o)
 .text.strtol   0x0000000008004aa8       0x14 C:/ST/STM32CubeIDE_1.13.2/STM32CubeIDE/plugins/com.st.stm32cube.ide.mcu.externaltools.gnu-tools-for-stm32.11.3.rel1.win32_1.1.1.202309131626/tools/bin/../lib/gcc/arm-none-eabi/11.3.1/../../../../arm-none-eabi/lib/thumb/v7e-m+dp/hard\libc_nano.a(libc_a-strtol.o)
                0x0000000008004aa8                strtol
 .text.memset   0x0000000008004abc       0x10 C:/ST/STM32CubeIDE_1.13.2/STM32CubeIDE/plugins/com.st.stm32cube.ide.mcu.externaltools.gnu-tools-for-stm32.11.3.rel1.win32_1.1.1.202309131626/tools/bin/../lib/gcc/arm-none-eabi/11.3.1/../../../../arm-none-eabi/lib/thumb/v7e-m+dp/hard\libc_nano.a(libc_a-memset.o)
                0x0000000008004abc                memset
 .text.__errno  0x0000000008004acc        0xc C:/ST/STM32CubeIDE_1.13.2/STM32CubeIDE/plugins/com.st.stm32cube.ide.mcu.externaltools.gnu-tools-for-stm32.11.3.rel1.win32_1.1.1.202309131626/tools/bin/../lib/gcc/arm-none-eabi/11.3.1/../../../../arm-none-eabi/lib/thumb/v7e-m+dp/hard\libc_nano.a(libc_a-errno.o)
                0x0000000008004acc                __errno
 .text.__libc_init_array
                0x0000000008004ad8       0x48 C:/ST/STM32CubeIDE_1.13.2/STM32CubeIDE/plugins/com.st.stm32cube.ide.mcu.externaltools.gnu-tools-for-stm32.11.3.rel1.win32_1.1.1.202309131626/tools/bin/../lib/gcc/arm-none-eabi/11.3.1/../../../../arm-none-eabi/lib/thumb/v7e-m+dp/hard\libc_nano.a(libc_a-init.o)
                0x0000000008004ad8                __libc_init_array
 *(.glue_7)
 .glue_7        0x0000000008004b20        0x0 linker stubs
 *(.glue_7t)
 .glue_7t       0x0000000008004b20        0x0 linker stubs
 *(.eh_frame)
 .eh_frame      0x0000000008004b20        0x0 C:/ST/STM32CubeIDE_1.13.2/STM32CubeIDE/plugins/com.st.stm32cube.ide.mcu.externaltools.gnu-tools-for-stm32.11.3.rel1.win32_1.1.1.202309131626/tools/bin/../lib/gcc/arm-none-eabi/11.3.1/thumb/v7e-m+dp/hard/crtbegin.o
 *(.init)
 .init          0x0000000008004b20        0x4 C:/ST/STM32CubeIDE_1.13.2/STM32CubeIDE/plugins/com.st.stm32cube.ide.mcu.externaltools.gnu-tools-for-stm32.11.3.rel1.win32_1.1.1.202309131626/tools/bin/../lib/gcc/arm-none-eabi/11.3.1/thumb/v7e-m+dp/hard/crti.o
                0x0000000008004b20                _init
 .init          0x0000000008004b24        0x8 C:/ST/STM32CubeIDE_1.13.2/STM32CubeIDE/plugins/com.st.stm32cube.ide.mcu.externaltools.gnu-tools-for-stm32.11.3.rel1.win32_1.1.1.202309131626/tools/bin/../lib/gcc/arm-none-eabi/11.3.1/thumb/v7e-m+dp/hard/crtn.o
 *(.fini)
 .fini          0x0000000008004b2c        0x4 C:/ST/STM32CubeIDE_1.13.2/STM32CubeIDE/plugins/com.st.stm32cube.ide.mcu.externaltools.gnu-tools-for-stm32.11.3.rel1.win32_1.1.1.202309131626/tools/bin/../lib/gcc/arm-none-eabi/11.3.1/thumb/v7e-m+dp/hard/crti.o
                0x0000000008004b2c                _fini
 .fini          0x0000000008004b30        0x8 C:/ST/STM32CubeIDE_1.13.2/STM32CubeIDE/plugins/com.st.stm32cube.ide.mcu.externaltools.gnu-tools-for-stm32.11.3.rel1.win32_1.1.1.202309131626/tools/bin/../lib/gcc/arm-none-eabi/11.3.1/thumb/v7e-m+dp/hard/crtn.o
                0x0000000008004b38                . = ALIGN (0x4)
                0x0000000008004b38                _etext = .

.vfp11_veneer   0x0000000008004b38        0x0
 .vfp11_veneer  0x0000000008004b38        0x0 linker stubs

.v4_bx          0x0000000008004b38        0x0
 .v4_bx         0x0000000008004b38        0x0 linker stubs

.iplt           0x0000000008004b38        0x0
 .iplt          0x0000000008004b38        0x0 C:/ST/STM32CubeIDE_1.13.2/STM32CubeIDE/plugins/com.st.stm32cube.ide.mcu.externaltools.gnu-tools-for-stm32.11.3.rel1.win32_1.1.1.202309131626/tools/bin/../lib/gcc/arm-none-eabi/11.3.1/thumb/v7e-m+dp/hard/crtbegin.o

.rodata         0x0000000008004b38      0x4d0
                0x0000000008004b38                . = ALIGN (0x4)
 *(.rodata)
 .rodata        0x0000000008004b38       0x3b ./Drivers/STM32F7xx_HAL_Driver/Src/stm32f7xx_hal_cortex.o
 *fill*         0x0000000008004b73        0x1 
 .rodata        0x0000000008004b74       0x39 ./Drivers/STM32F7xx_HAL_Driver/Src/stm32f7xx_hal_gpio.o
 *fill*         0x0000000008004bad        0x3 
 .rodata        0x0000000008004bb0       0x38 ./Drivers/STM32F7xx_HAL_Driver/Src/stm32f7xx_hal_rcc.o
 .rodata        0x0000000008004be8       0x3b ./Drivers/STM32F7xx_HAL_Driver/Src/stm32f7xx_hal_rcc_ex.o
 *fill*         0x0000000008004c23        0x1 
 .rodata        0x0000000008004c24       0x39 ./Drivers/STM32F7xx_HAL_Driver/Src/stm32f7xx_hal_uart.o
 *fill*         0x0000000008004c5d        0x3 
 .rodata        0x0000000008004c60       0x73 ./Libraries/console/console.o
 *fill*         0x0000000008004cd3        0x1 
 .rodata        0x0000000008004cd4       0x65 ./Libraries/console/consoleCommands.o
 *(.rodata*)
 *fill*         0x0000000008004d39        0x3 
 .rodata.AHBPrescTable
                0x0000000008004d3c       0x10 ./Core/Src/system_stm32f7xx.o
                0x0000000008004d3c                AHBPrescTable
 .rodata.APBPrescTable
                0x0000000008004d4c        0x8 ./Core/Src/system_stm32f7xx.o
                0x0000000008004d4c                APBPrescTable
 .rodata.mConsoleCommandTable
                0x0000000008004d54      0x1b0 ./Libraries/console/consoleCommands.o
 .rodata._ctype_
                0x0000000008004f04      0x101 C:/ST/STM32CubeIDE_1.13.2/STM32CubeIDE/plugins/com.st.stm32cube.ide.mcu.externaltools.gnu-tools-for-stm32.11.3.rel1.win32_1.1.1.202309131626/tools/bin/../lib/gcc/arm-none-eabi/11.3.1/../../../../arm-none-eabi/lib/thumb/v7e-m+dp/hard\libc_nano.a(libc_a-ctype_.o)
                0x0000000008004f04                _ctype_
                0x0000000008005008                . = ALIGN (0x4)
 *fill*         0x0000000008005005        0x3 

.ARM.extab      0x0000000008005008        0x0
                0x0000000008005008                . = ALIGN (0x4)
 *(.ARM.extab* .gnu.linkonce.armextab.*)
                0x0000000008005008                . = ALIGN (0x4)

.ARM            0x0000000008005008        0x8
                0x0000000008005008                . = ALIGN (0x4)
                0x0000000008005008                __exidx_start = .
 *(.ARM.exidx*)
 .ARM.exidx     0x0000000008005008        0x8 C:/ST/STM32CubeIDE_1.13.2/STM32CubeIDE/plugins/com.st.stm32cube.ide.mcu.externaltools.gnu-tools-for-stm32.11.3.rel1.win32_1.1.1.202309131626/tools/bin/../lib/gcc/arm-none-eabi/11.3.1/thumb/v7e-m+dp/hard\libgcc.a(_udivmoddi4.o)
                0x0000000008005010                __exidx_end = .
                0x0000000008005010                . = ALIGN (0x4)

.rel.dyn        0x0000000008005010        0x0
 .rel.iplt      0x0000000008005010        0x0 C:/ST/STM32CubeIDE_1.13.2/STM32CubeIDE/plugins/com.st.stm32cube.ide.mcu.externaltools.gnu-tools-for-stm32.11.3.rel1.win32_1.1.1.202309131626/tools/bin/../lib/gcc/arm-none-eabi/11.3.1/thumb/v7e-m+dp/hard/crtbegin.o

.preinit_array  0x0000000008005010        0x0
                0x0000000008005010                . = ALIGN (0x4)
                0x0000000008005010                PROVIDE (__preinit_array_start = .)
 *(.preinit_array*)
                0x0000000008005010                PROVIDE (__preinit_array_end = .)
                0x0000000008005010                . = ALIGN (0x4)

.init_array     0x0000000008005010        0x4
                0x0000000008005010                . = ALIGN (0x4)
                0x0000000008005010                PROVIDE (__init_array_start = .)
 *(SORT_BY_NAME(.init_array.*))
 *(.init_array*)
 .init_array    0x0000000008005010        0x4 C:/ST/STM32CubeIDE_1.13.2/STM32CubeIDE/plugins/com.st.stm32cube.ide.mcu.externaltools.gnu-tools-for-stm32.11.3.rel1.win32_1.1.1.202309131626/tools/bin/../lib/gcc/arm-none-eabi/11.3.1/thumb/v7e-m+dp/hard/crtbegin.o
                0x0000000008005014                PROVIDE (__init_array_end = .)
                0x0000000008005014                . = ALIGN (0x4)

.fini_array     0x0000000008005014        0x4
                0x0000000008005014                . = ALIGN (0x4)
                [!provide]                        PROVIDE (__fini_array_start = .)
 *(SORT_BY_NAME(.fini_array.*))
 *(.fini_array*)
 .fini_array    0x0000000008005014        0x4 C:/ST/STM32CubeIDE_1.13.2/STM32CubeIDE/plugins/com.st.stm32cube.ide.mcu.externaltools.gnu-tools-for-stm32.11.3.rel1.win32_1.1.1.202309131626/tools/bin/../lib/gcc/arm-none-eabi/11.3.1/thumb/v7e-m+dp/hard/crtbegin.o
                [!provide]                        PROVIDE (__fini_array_end = .)
                0x0000000008005018                . = ALIGN (0x4)
                0x0000000008005018                _sidata = LOADADDR (.data)

.data           0x0000000020000000       0x5c load address 0x0000000008005018
                0x0000000020000000                . = ALIGN (0x4)
                0x0000000020000000                _sdata = .
 *(.data)
 *(.data*)
 .data.SystemCoreClock
                0x0000000020000000        0x4 ./Core/Src/system_stm32f7xx.o
                0x0000000020000000                SystemCoreClock
 .data.uwTickPrio
                0x0000000020000004        0x4 ./Drivers/STM32F7xx_HAL_Driver/Src/stm32f7xx_hal.o
                0x0000000020000004                uwTickPrio
 .data.uwTickFreq
                0x0000000020000008        0x1 ./Drivers/STM32F7xx_HAL_Driver/Src/stm32f7xx_hal.o
                0x0000000020000008                uwTickFreq
 *fill*         0x0000000020000009        0x3 
 .data._impure_data
                0x000000002000000c       0x4c C:/ST/STM32CubeIDE_1.13.2/STM32CubeIDE/plugins/com.st.stm32cube.ide.mcu.externaltools.gnu-tools-for-stm32.11.3.rel1.win32_1.1.1.202309131626/tools/bin/../lib/gcc/arm-none-eabi/11.3.1/../../../../arm-none-eabi/lib/thumb/v7e-m+dp/hard\libc_nano.a(libc_a-impure.o)
                0x000000002000000c                _impure_data
 .data._impure_ptr
                0x0000000020000058        0x4 C:/ST/STM32CubeIDE_1.13.2/STM32CubeIDE/plugins/com.st.stm32cube.ide.mcu.externaltools.gnu-tools-for-stm32.11.3.rel1.win32_1.1.1.202309131626/tools/bin/../lib/gcc/arm-none-eabi/11.3.1/../../../../arm-none-eabi/lib/thumb/v7e-m+dp/hard\libc_nano.a(libc_a-impure.o)
                0x0000000020000058                _impure_ptr
 *(.RamFunc)
 *(.RamFunc*)
                0x000000002000005c                . = ALIGN (0x4)
                0x000000002000005c                _edata = .

.igot.plt       0x000000002000005c        0x0 load address 0x0000000008005074
 .igot.plt      0x000000002000005c        0x0 C:/ST/STM32CubeIDE_1.13.2/STM32CubeIDE/plugins/com.st.stm32cube.ide.mcu.externaltools.gnu-tools-for-stm32.11.3.rel1.win32_1.1.1.202309131626/tools/bin/../lib/gcc/arm-none-eabi/11.3.1/thumb/v7e-m+dp/hard/crtbegin.o
                0x000000002000005c                . = ALIGN (0x4)

.bss            0x000000002000005c      0x2e8 load address 0x0000000008005074
                0x000000002000005c                _sbss = .
                0x000000002000005c                __bss_start__ = _sbss
 *(.bss)
 .bss           0x000000002000005c       0x1c C:/ST/STM32CubeIDE_1.13.2/STM32CubeIDE/plugins/com.st.stm32cube.ide.mcu.externaltools.gnu-tools-for-stm32.11.3.rel1.win32_1.1.1.202309131626/tools/bin/../lib/gcc/arm-none-eabi/11.3.1/thumb/v7e-m+dp/hard/crtbegin.o
 *(.bss*)
 .bss.huart3    0x0000000020000078       0x88 ./Core/Src/usart.o
                0x0000000020000078                huart3
 .bss.uwTick    0x0000000020000100        0x4 ./Drivers/STM32F7xx_HAL_Driver/Src/stm32f7xx_hal.o
                0x0000000020000100                uwTick
 .bss.mReceiveBuffer
                0x0000000020000104      0x100 ./Libraries/console/console.o
                0x0000000020000104                mReceiveBuffer
 .bss.mReceivedSoFar
                0x0000000020000204        0x4 ./Libraries/console/console.o
                0x0000000020000204                mReceivedSoFar
 .bss.mReceiveBufferNeedsChecking
                0x0000000020000208        0x1 ./Libraries/console/console.o
                0x0000000020000208                mReceiveBufferNeedsChecking
 *fill*         0x0000000020000209        0x3 
 .bss.__sf      0x000000002000020c      0x138 C:/ST/STM32CubeIDE_1.13.2/STM32CubeIDE/plugins/com.st.stm32cube.ide.mcu.externaltools.gnu-tools-for-stm32.11.3.rel1.win32_1.1.1.202309131626/tools/bin/../lib/gcc/arm-none-eabi/11.3.1/../../../../arm-none-eabi/lib/thumb/v7e-m+dp/hard\libc_nano.a(libc_a-findfp.o)
                0x000000002000020c                __sf
 *(COMMON)
                0x0000000020000344                . = ALIGN (0x4)
                0x0000000020000344                _ebss = .
                0x0000000020000344                __bss_end__ = _ebss

._user_heap_stack
                0x0000000020000344      0x604 load address 0x0000000008005074
                0x0000000020000348                . = ALIGN (0x8)
 *fill*         0x0000000020000344        0x4 
                [!provide]                        PROVIDE (end = .)
                0x0000000020000348                PROVIDE (_end = .)
                0x0000000020000548                . = (. + _Min_Heap_Size)
 *fill*         0x0000000020000348      0x200 
                0x0000000020000948                . = (. + _Min_Stack_Size)
 *fill*         0x0000000020000548      0x400 
                0x0000000020000948                . = ALIGN (0x8)

/DISCARD/
 libc.a(*)
 libm.a(*)
 libgcc.a(*)

.ARM.attributes
                0x0000000000000000       0x2e
 *(.ARM.attributes)
 .ARM.attributes
                0x0000000000000000       0x1e C:/ST/STM32CubeIDE_1.13.2/STM32CubeIDE/plugins/com.st.stm32cube.ide.mcu.externaltools.gnu-tools-for-stm32.11.3.rel1.win32_1.1.1.202309131626/tools/bin/../lib/gcc/arm-none-eabi/11.3.1/thumb/v7e-m+dp/hard/crti.o
 .ARM.attributes
                0x000000000000001e       0x32 C:/ST/STM32CubeIDE_1.13.2/STM32CubeIDE/plugins/com.st.stm32cube.ide.mcu.externaltools.gnu-tools-for-stm32.11.3.rel1.win32_1.1.1.202309131626/tools/bin/../lib/gcc/arm-none-eabi/11.3.1/thumb/v7e-m+dp/hard/crtbegin.o
 .ARM.attributes
                0x0000000000000050       0x32 ./Core/Src/gpio.o
 .ARM.attributes
                0x0000000000000082       0x32 ./Core/Src/main.o
 .ARM.attributes
                0x00000000000000b4       0x32 ./Core/Src/stm32f7xx_hal_msp.o
 .ARM.attributes
                0x00000000000000e6       0x32 ./Core/Src/stm32f7xx_it.o
 .ARM.attributes
                0x0000000000000118       0x32 ./Core/Src/system_stm32f7xx.o
 .ARM.attributes
                0x000000000000014a       0x32 ./Core/Src/usart.o
 .ARM.attributes
                0x000000000000017c       0x21 ./Core/Startup/startup_stm32f767zitx.o
 .ARM.attributes
                0x000000000000019d       0x32 ./Drivers/STM32F7xx_HAL_Driver/Src/stm32f7xx_hal.o
 .ARM.attributes
                0x00000000000001cf       0x32 ./Drivers/STM32F7xx_HAL_Driver/Src/stm32f7xx_hal_cortex.o
 .ARM.attributes
                0x0000000000000201       0x32 ./Drivers/STM32F7xx_HAL_Driver/Src/stm32f7xx_hal_gpio.o
 .ARM.attributes
                0x0000000000000233       0x32 ./Drivers/STM32F7xx_HAL_Driver/Src/stm32f7xx_hal_pwr_ex.o
 .ARM.attributes
                0x0000000000000265       0x32 ./Drivers/STM32F7xx_HAL_Driver/Src/stm32f7xx_hal_rcc.o
 .ARM.attributes
                0x0000000000000297       0x32 ./Drivers/STM32F7xx_HAL_Driver/Src/stm32f7xx_hal_rcc_ex.o
 .ARM.attributes
                0x00000000000002c9       0x32 ./Drivers/STM32F7xx_HAL_Driver/Src/stm32f7xx_hal_uart.o
 .ARM.attributes
                0x00000000000002fb       0x32 ./Libraries/console/console.o
 .ARM.attributes
                0x000000000000032d       0x32 ./Libraries/console/consoleCommands.o
 .ARM.attributes
                0x000000000000035f       0x32 ./Libraries/console/consoleIo.o
 .ARM.attributes
                0x0000000000000391       0x32 C:/ST/STM32CubeIDE_1.13.2/STM32CubeIDE/plugins/com.st.stm32cube.ide.mcu.externaltools.gnu-tools-for-stm32.11.3.rel1.win32_1.1.1.202309131626/tools/bin/../lib/gcc/arm-none-eabi/11.3.1/../../../../arm-none-eabi/lib/thumb/v7e-m+dp/hard\libc_nano.a(libc_a-atoi.o)
 .ARM.attributes
                0x00000000000003c3       0x32 C:/ST/STM32CubeIDE_1.13.2/STM32CubeIDE/plugins/com.st.stm32cube.ide.mcu.externaltools.gnu-tools-for-stm32.11.3.rel1.win32_1.1.1.202309131626/tools/bin/../lib/gcc/arm-none-eabi/11.3.1/../../../../arm-none-eabi/lib/thumb/v7e-m+dp/hard\libc_nano.a(libc_a-strtol.o)
 .ARM.attributes
                0x00000000000003f5       0x32 C:/ST/STM32CubeIDE_1.13.2/STM32CubeIDE/plugins/com.st.stm32cube.ide.mcu.externaltools.gnu-tools-for-stm32.11.3.rel1.win32_1.1.1.202309131626/tools/bin/../lib/gcc/arm-none-eabi/11.3.1/../../../../arm-none-eabi/lib/thumb/v7e-m+dp/hard\libc_nano.a(libc_a-ctype_.o)
 .ARM.attributes
                0x0000000000000427       0x32 C:/ST/STM32CubeIDE_1.13.2/STM32CubeIDE/plugins/com.st.stm32cube.ide.mcu.externaltools.gnu-tools-for-stm32.11.3.rel1.win32_1.1.1.202309131626/tools/bin/../lib/gcc/arm-none-eabi/11.3.1/../../../../arm-none-eabi/lib/thumb/v7e-m+dp/hard\libc_nano.a(libc_a-findfp.o)
 .ARM.attributes
                0x0000000000000459       0x32 C:/ST/STM32CubeIDE_1.13.2/STM32CubeIDE/plugins/com.st.stm32cube.ide.mcu.externaltools.gnu-tools-for-stm32.11.3.rel1.win32_1.1.1.202309131626/tools/bin/../lib/gcc/arm-none-eabi/11.3.1/../../../../arm-none-eabi/lib/thumb/v7e-m+dp/hard\libc_nano.a(libc_a-memset.o)
 .ARM.attributes
                0x000000000000048b       0x32 C:/ST/STM32CubeIDE_1.13.2/STM32CubeIDE/plugins/com.st.stm32cube.ide.mcu.externaltools.gnu-tools-for-stm32.11.3.rel1.win32_1.1.1.202309131626/tools/bin/../lib/gcc/arm-none-eabi/11.3.1/../../../../arm-none-eabi/lib/thumb/v7e-m+dp/hard\libc_nano.a(libc_a-impure.o)
 .ARM.attributes
                0x00000000000004bd       0x32 C:/ST/STM32CubeIDE_1.13.2/STM32CubeIDE/plugins/com.st.stm32cube.ide.mcu.externaltools.gnu-tools-for-stm32.11.3.rel1.win32_1.1.1.202309131626/tools/bin/../lib/gcc/arm-none-eabi/11.3.1/../../../../arm-none-eabi/lib/thumb/v7e-m+dp/hard\libc_nano.a(libc_a-errno.o)
 .ARM.attributes
                0x00000000000004ef       0x32 C:/ST/STM32CubeIDE_1.13.2/STM32CubeIDE/plugins/com.st.stm32cube.ide.mcu.externaltools.gnu-tools-for-stm32.11.3.rel1.win32_1.1.1.202309131626/tools/bin/../lib/gcc/arm-none-eabi/11.3.1/../../../../arm-none-eabi/lib/thumb/v7e-m+dp/hard\libc_nano.a(libc_a-init.o)
 .ARM.attributes
                0x0000000000000521       0x17 C:/ST/STM32CubeIDE_1.13.2/STM32CubeIDE/plugins/com.st.stm32cube.ide.mcu.externaltools.gnu-tools-for-stm32.11.3.rel1.win32_1.1.1.202309131626/tools/bin/../lib/gcc/arm-none-eabi/11.3.1/../../../../arm-none-eabi/lib/thumb/v7e-m+dp/hard\libc_nano.a(libc_a-strlen.o)
 .ARM.attributes
                0x0000000000000538       0x1e C:/ST/STM32CubeIDE_1.13.2/STM32CubeIDE/plugins/com.st.stm32cube.ide.mcu.externaltools.gnu-tools-for-stm32.11.3.rel1.win32_1.1.1.202309131626/tools/bin/../lib/gcc/arm-none-eabi/11.3.1/thumb/v7e-m+dp/hard\libgcc.a(_aeabi_uldivmod.o)
 .ARM.attributes
                0x0000000000000556       0x32 C:/ST/STM32CubeIDE_1.13.2/STM32CubeIDE/plugins/com.st.stm32cube.ide.mcu.externaltools.gnu-tools-for-stm32.11.3.rel1.win32_1.1.1.202309131626/tools/bin/../lib/gcc/arm-none-eabi/11.3.1/thumb/v7e-m+dp/hard\libgcc.a(_udivmoddi4.o)
 .ARM.attributes
                0x0000000000000588       0x1e C:/ST/STM32CubeIDE_1.13.2/STM32CubeIDE/plugins/com.st.stm32cube.ide.mcu.externaltools.gnu-tools-for-stm32.11.3.rel1.win32_1.1.1.202309131626/tools/bin/../lib/gcc/arm-none-eabi/11.3.1/thumb/v7e-m+dp/hard\libgcc.a(_dvmd_tls.o)
 .ARM.attributes
                0x00000000000005a6       0x1e C:/ST/STM32CubeIDE_1.13.2/STM32CubeIDE/plugins/com.st.stm32cube.ide.mcu.externaltools.gnu-tools-for-stm32.11.3.rel1.win32_1.1.1.202309131626/tools/bin/../lib/gcc/arm-none-eabi/11.3.1/thumb/v7e-m+dp/hard/crtn.o
OUTPUT(STM32_CamMNIST.elf elf32-littlearm)
LOAD linker stubs
LOAD C:/ST/STM32CubeIDE_1.13.2/STM32CubeIDE/plugins/com.st.stm32cube.ide.mcu.externaltools.gnu-tools-for-stm32.11.3.rel1.win32_1.1.1.202309131626/tools/bin/../lib/gcc/arm-none-eabi/11.3.1/../../../../arm-none-eabi/lib/thumb/v7e-m+dp/hard\libc.a
LOAD C:/ST/STM32CubeIDE_1.13.2/STM32CubeIDE/plugins/com.st.stm32cube.ide.mcu.externaltools.gnu-tools-for-stm32.11.3.rel1.win32_1.1.1.202309131626/tools/bin/../lib/gcc/arm-none-eabi/11.3.1/../../../../arm-none-eabi/lib/thumb/v7e-m+dp/hard\libm.a
LOAD C:/ST/STM32CubeIDE_1.13.2/STM32CubeIDE/plugins/com.st.stm32cube.ide.mcu.externaltools.gnu-tools-for-stm32.11.3.rel1.win32_1.1.1.202309131626/tools/bin/../lib/gcc/arm-none-eabi/11.3.1/thumb/v7e-m+dp/hard\libgcc.a

.comment        0x0000000000000000       0x43
 .comment       0x0000000000000000       0x43 C:/ST/STM32CubeIDE_1.13.2/STM32CubeIDE/plugins/com.st.stm32cube.ide.mcu.externaltools.gnu-tools-for-stm32.11.3.rel1.win32_1.1.1.202309131626/tools/bin/../lib/gcc/arm-none-eabi/11.3.1/thumb/v7e-m+dp/hard/crtbegin.o
                                         0x44 (size before relaxing)
 .comment       0x0000000000000043       0x44 ./Core/Src/gpio.o
 .comment       0x0000000000000043       0x44 ./Core/Src/main.o
 .comment       0x0000000000000043       0x44 ./Core/Src/stm32f7xx_hal_msp.o
 .comment       0x0000000000000043       0x44 ./Core/Src/stm32f7xx_it.o
 .comment       0x0000000000000043       0x44 ./Core/Src/system_stm32f7xx.o
 .comment       0x0000000000000043       0x44 ./Core/Src/usart.o
 .comment       0x0000000000000043       0x44 ./Drivers/STM32F7xx_HAL_Driver/Src/stm32f7xx_hal.o
 .comment       0x0000000000000043       0x44 ./Drivers/STM32F7xx_HAL_Driver/Src/stm32f7xx_hal_cortex.o
 .comment       0x0000000000000043       0x44 ./Drivers/STM32F7xx_HAL_Driver/Src/stm32f7xx_hal_gpio.o
 .comment       0x0000000000000043       0x44 ./Drivers/STM32F7xx_HAL_Driver/Src/stm32f7xx_hal_pwr_ex.o
 .comment       0x0000000000000043       0x44 ./Drivers/STM32F7xx_HAL_Driver/Src/stm32f7xx_hal_rcc.o
 .comment       0x0000000000000043       0x44 ./Drivers/STM32F7xx_HAL_Driver/Src/stm32f7xx_hal_rcc_ex.o
 .comment       0x0000000000000043       0x44 ./Drivers/STM32F7xx_HAL_Driver/Src/stm32f7xx_hal_uart.o
 .comment       0x0000000000000043       0x44 ./Libraries/console/console.o
 .comment       0x0000000000000043       0x44 ./Libraries/console/consoleCommands.o
 .comment       0x0000000000000043       0x44 ./Libraries/console/consoleIo.o

.debug_info     0x0000000000000000     0xaa00
 .debug_info    0x0000000000000000      0x42d ./Core/Src/gpio.o
 .debug_info    0x000000000000042d      0x546 ./Core/Src/main.o
 .debug_info    0x0000000000000973      0x28d ./Core/Src/stm32f7xx_hal_msp.o
 .debug_info    0x0000000000000c00      0x112 ./Core/Src/stm32f7xx_it.o
 .debug_info    0x0000000000000d12      0x6ed ./Core/Src/system_stm32f7xx.o
 .debug_info    0x00000000000013ff      0xc81 ./Core/Src/usart.o
 .debug_info    0x0000000000002080       0x23 ./Core/Startup/startup_stm32f767zitx.o
 .debug_info    0x00000000000020a3      0xa86 ./Drivers/STM32F7xx_HAL_Driver/Src/stm32f7xx_hal.o
 .debug_info    0x0000000000002b29      0xfc0 ./Drivers/STM32F7xx_HAL_Driver/Src/stm32f7xx_hal_cortex.o
 .debug_info    0x0000000000003ae9      0x70c ./Drivers/STM32F7xx_HAL_Driver/Src/stm32f7xx_hal_gpio.o
 .debug_info    0x00000000000041f5      0x8eb ./Drivers/STM32F7xx_HAL_Driver/Src/stm32f7xx_hal_pwr_ex.o
 .debug_info    0x0000000000004ae0      0x954 ./Drivers/STM32F7xx_HAL_Driver/Src/stm32f7xx_hal_rcc.o
 .debug_info    0x0000000000005434      0x6fe ./Drivers/STM32F7xx_HAL_Driver/Src/stm32f7xx_hal_rcc_ex.o
 .debug_info    0x0000000000005b32     0x3a80 ./Drivers/STM32F7xx_HAL_Driver/Src/stm32f7xx_hal_uart.o
 .debug_info    0x00000000000095b2      0x891 ./Libraries/console/console.o
 .debug_info    0x0000000000009e43      0x3b2 ./Libraries/console/consoleCommands.o
 .debug_info    0x000000000000a1f5      0x80b ./Libraries/console/consoleIo.o

.debug_abbrev   0x0000000000000000     0x1e2a
 .debug_abbrev  0x0000000000000000      0x152 ./Core/Src/gpio.o
 .debug_abbrev  0x0000000000000152      0x1ec ./Core/Src/main.o
 .debug_abbrev  0x000000000000033e       0xd8 ./Core/Src/stm32f7xx_hal_msp.o
 .debug_abbrev  0x0000000000000416       0x73 ./Core/Src/stm32f7xx_it.o
 .debug_abbrev  0x0000000000000489      0x13b ./Core/Src/system_stm32f7xx.o
 .debug_abbrev  0x00000000000005c4      0x1f9 ./Core/Src/usart.o
 .debug_abbrev  0x00000000000007bd       0x12 ./Core/Startup/startup_stm32f767zitx.o
 .debug_abbrev  0x00000000000007cf      0x21a ./Drivers/STM32F7xx_HAL_Driver/Src/stm32f7xx_hal.o
 .debug_abbrev  0x00000000000009e9      0x345 ./Drivers/STM32F7xx_HAL_Driver/Src/stm32f7xx_hal_cortex.o
 .debug_abbrev  0x0000000000000d2e      0x1f1 ./Drivers/STM32F7xx_HAL_Driver/Src/stm32f7xx_hal_gpio.o
 .debug_abbrev  0x0000000000000f1f      0x1fa ./Drivers/STM32F7xx_HAL_Driver/Src/stm32f7xx_hal_pwr_ex.o
 .debug_abbrev  0x0000000000001119      0x2f3 ./Drivers/STM32F7xx_HAL_Driver/Src/stm32f7xx_hal_rcc.o
 .debug_abbrev  0x000000000000140c      0x1e5 ./Drivers/STM32F7xx_HAL_Driver/Src/stm32f7xx_hal_rcc_ex.o
 .debug_abbrev  0x00000000000015f1      0x2fd ./Drivers/STM32F7xx_HAL_Driver/Src/stm32f7xx_hal_uart.o
 .debug_abbrev  0x00000000000018ee      0x23a ./Libraries/console/console.o
 .debug_abbrev  0x0000000000001b28      0x14f ./Libraries/console/consoleCommands.o
 .debug_abbrev  0x0000000000001c77      0x1b3 ./Libraries/console/consoleIo.o

.debug_aranges  0x0000000000000000      0x878
 .debug_aranges
                0x0000000000000000       0x20 ./Core/Src/gpio.o
 .debug_aranges
                0x0000000000000020       0x38 ./Core/Src/main.o
 .debug_aranges
                0x0000000000000058       0x20 ./Core/Src/stm32f7xx_hal_msp.o
 .debug_aranges
                0x0000000000000078       0x60 ./Core/Src/stm32f7xx_it.o
 .debug_aranges
                0x00000000000000d8       0x28 ./Core/Src/system_stm32f7xx.o
 .debug_aranges
                0x0000000000000100       0x30 ./Core/Src/usart.o
 .debug_aranges
                0x0000000000000130       0x28 ./Core/Startup/startup_stm32f767zitx.o
 .debug_aranges
                0x0000000000000158      0x110 ./Drivers/STM32F7xx_HAL_Driver/Src/stm32f7xx_hal.o
 .debug_aranges
                0x0000000000000268      0x118 ./Drivers/STM32F7xx_HAL_Driver/Src/stm32f7xx_hal_cortex.o
 .debug_aranges
                0x0000000000000380       0x58 ./Drivers/STM32F7xx_HAL_Driver/Src/stm32f7xx_hal_gpio.o
 .debug_aranges
                0x00000000000003d8       0x80 ./Drivers/STM32F7xx_HAL_Driver/Src/stm32f7xx_hal_pwr_ex.o
 .debug_aranges
                0x0000000000000458       0x88 ./Drivers/STM32F7xx_HAL_Driver/Src/stm32f7xx_hal_rcc.o
 .debug_aranges
                0x00000000000004e0       0x50 ./Drivers/STM32F7xx_HAL_Driver/Src/stm32f7xx_hal_rcc_ex.o
 .debug_aranges
                0x0000000000000530      0x230 ./Drivers/STM32F7xx_HAL_Driver/Src/stm32f7xx_hal_uart.o
 .debug_aranges
                0x0000000000000760       0xa0 ./Libraries/console/console.o
 .debug_aranges
                0x0000000000000800       0x48 ./Libraries/console/consoleCommands.o
 .debug_aranges
                0x0000000000000848       0x30 ./Libraries/console/consoleIo.o

.debug_rnglists
                0x0000000000000000      0x664
 .debug_rnglists
                0x0000000000000000       0x14 ./Core/Src/gpio.o
 .debug_rnglists
                0x0000000000000014       0x26 ./Core/Src/main.o
 .debug_rnglists
                0x000000000000003a       0x13 ./Core/Src/stm32f7xx_hal_msp.o
 .debug_rnglists
                0x000000000000004d       0x43 ./Core/Src/stm32f7xx_it.o
 .debug_rnglists
                0x0000000000000090       0x1a ./Core/Src/system_stm32f7xx.o
 .debug_rnglists
                0x00000000000000aa       0x20 ./Core/Src/usart.o
 .debug_rnglists
                0x00000000000000ca       0x19 ./Core/Startup/startup_stm32f767zitx.o
 .debug_rnglists
                0x00000000000000e3       0xc7 ./Drivers/STM32F7xx_HAL_Driver/Src/stm32f7xx_hal.o
 .debug_rnglists
                0x00000000000001aa       0xce ./Drivers/STM32F7xx_HAL_Driver/Src/stm32f7xx_hal_cortex.o
 .debug_rnglists
                0x0000000000000278       0x3f ./Drivers/STM32F7xx_HAL_Driver/Src/stm32f7xx_hal_gpio.o
 .debug_rnglists
                0x00000000000002b7       0x5f ./Drivers/STM32F7xx_HAL_Driver/Src/stm32f7xx_hal_pwr_ex.o
 .debug_rnglists
                0x0000000000000316       0x67 ./Drivers/STM32F7xx_HAL_Driver/Src/stm32f7xx_hal_rcc.o
 .debug_rnglists
                0x000000000000037d       0x3c ./Drivers/STM32F7xx_HAL_Driver/Src/stm32f7xx_hal_rcc_ex.o
 .debug_rnglists
                0x00000000000003b9      0x1e2 ./Drivers/STM32F7xx_HAL_Driver/Src/stm32f7xx_hal_uart.o
 .debug_rnglists
                0x000000000000059b       0x79 ./Libraries/console/console.o
 .debug_rnglists
                0x0000000000000614       0x31 ./Libraries/console/consoleCommands.o
 .debug_rnglists
                0x0000000000000645       0x1f ./Libraries/console/consoleIo.o

.debug_macro    0x0000000000000000    0x26124
 .debug_macro   0x0000000000000000      0x1e8 ./Core/Src/gpio.o
 .debug_macro   0x00000000000001e8      0x294 ./Core/Src/gpio.o
 .debug_macro   0x000000000000047c       0x2e ./Core/Src/gpio.o
 .debug_macro   0x00000000000004aa       0x3b ./Core/Src/gpio.o
 .debug_macro   0x00000000000004e5       0x22 ./Core/Src/gpio.o
 .debug_macro   0x0000000000000507       0x8e ./Core/Src/gpio.o
 .debug_macro   0x0000000000000595       0x51 ./Core/Src/gpio.o
 .debug_macro   0x00000000000005e6      0x103 ./Core/Src/gpio.o
 .debug_macro   0x00000000000006e9       0x6a ./Core/Src/gpio.o
 .debug_macro   0x0000000000000753      0x1df ./Core/Src/gpio.o
 .debug_macro   0x0000000000000932       0x1c ./Core/Src/gpio.o
 .debug_macro   0x000000000000094e       0x22 ./Core/Src/gpio.o
 .debug_macro   0x0000000000000970       0xd9 ./Core/Src/gpio.o
 .debug_macro   0x0000000000000a49     0x12cd ./Core/Src/gpio.o
 .debug_macro   0x0000000000001d16      0x11f ./Core/Src/gpio.o
 .debug_macro   0x0000000000001e35       0x19 ./Core/Src/gpio.o
 .debug_macro   0x0000000000001e4e    0x1aa0d ./Core/Src/gpio.o
 .debug_macro   0x000000000001c85b       0x6d ./Core/Src/gpio.o
 .debug_macro   0x000000000001c8c8     0x3749 ./Core/Src/gpio.o
 .debug_macro   0x0000000000020011      0x174 ./Core/Src/gpio.o
 .debug_macro   0x0000000000020185       0x63 ./Core/Src/gpio.o
 .debug_macro   0x00000000000201e8     0x1add ./Core/Src/gpio.o
 .debug_macro   0x0000000000021cc5      0x6c4 ./Core/Src/gpio.o
 .debug_macro   0x0000000000022389      0x18b ./Core/Src/gpio.o
 .debug_macro   0x0000000000022514      0x115 ./Core/Src/gpio.o
 .debug_macro   0x0000000000022629      0x26e ./Core/Src/gpio.o
 .debug_macro   0x0000000000022897       0xa5 ./Core/Src/gpio.o
 .debug_macro   0x000000000002293c      0x24f ./Core/Src/gpio.o
 .debug_macro   0x0000000000022b8b       0x71 ./Core/Src/gpio.o
 .debug_macro   0x0000000000022bfc       0x58 ./Core/Src/gpio.o
 .debug_macro   0x0000000000022c54      0x236 ./Core/Src/gpio.o
 .debug_macro   0x0000000000022e8a      0x14e ./Core/Src/gpio.o
 .debug_macro   0x0000000000022fd8      0x3db ./Core/Src/gpio.o
 .debug_macro   0x00000000000233b3       0x12 ./Core/Src/gpio.o
 .debug_macro   0x00000000000233c5      0x22c ./Core/Src/gpio.o
 .debug_macro   0x00000000000235f1       0x61 ./Core/Src/gpio.o
 .debug_macro   0x0000000000023652       0xa5 ./Core/Src/gpio.o
 .debug_macro   0x00000000000236f7      0x12e ./Core/Src/gpio.o
 .debug_macro   0x0000000000023825      0x108 ./Core/Src/gpio.o
 .debug_macro   0x000000000002392d       0x35 ./Core/Src/gpio.o
 .debug_macro   0x0000000000023962      0x5ba ./Core/Src/gpio.o
 .debug_macro   0x0000000000023f1c       0x44 ./Core/Src/gpio.o
 .debug_macro   0x0000000000023f60      0x15b ./Core/Src/gpio.o
 .debug_macro   0x00000000000240bb       0x28 ./Core/Src/gpio.o
 .debug_macro   0x00000000000240e3      0x1ff ./Core/Src/main.o
 .debug_macro   0x00000000000242e2       0x22 ./Core/Src/main.o
 .debug_macro   0x0000000000024304      0x1de ./Core/Src/stm32f7xx_hal_msp.o
 .debug_macro   0x00000000000244e2      0x1e8 ./Core/Src/stm32f7xx_it.o
 .debug_macro   0x00000000000246ca      0x1cf ./Core/Src/system_stm32f7xx.o
 .debug_macro   0x0000000000024899      0x1e8 ./Core/Src/usart.o
 .debug_macro   0x0000000000024a81      0x1f3 ./Drivers/STM32F7xx_HAL_Driver/Src/stm32f7xx_hal.o
 .debug_macro   0x0000000000024c74      0x1cf ./Drivers/STM32F7xx_HAL_Driver/Src/stm32f7xx_hal_cortex.o
 .debug_macro   0x0000000000024e43      0x1d5 ./Drivers/STM32F7xx_HAL_Driver/Src/stm32f7xx_hal_gpio.o
 .debug_macro   0x0000000000025018      0x1e7 ./Drivers/STM32F7xx_HAL_Driver/Src/stm32f7xx_hal_pwr_ex.o
 .debug_macro   0x00000000000251ff      0x1f3 ./Drivers/STM32F7xx_HAL_Driver/Src/stm32f7xx_hal_rcc.o
 .debug_macro   0x00000000000253f2      0x1cf ./Drivers/STM32F7xx_HAL_Driver/Src/stm32f7xx_hal_rcc_ex.o
 .debug_macro   0x00000000000255c1      0x1ec ./Drivers/STM32F7xx_HAL_Driver/Src/stm32f7xx_hal_uart.o
 .debug_macro   0x00000000000257ad      0x1c0 ./Libraries/console/console.o
 .debug_macro   0x000000000002596d       0x10 ./Libraries/console/console.o
 .debug_macro   0x000000000002597d       0x20 ./Libraries/console/console.o
 .debug_macro   0x000000000002599d       0x22 ./Libraries/console/console.o
 .debug_macro   0x00000000000259bf       0x1c ./Libraries/console/console.o
 .debug_macro   0x00000000000259db       0x28 ./Libraries/console/console.o
 .debug_macro   0x0000000000025a03      0x161 ./Libraries/console/consoleCommands.o
 .debug_macro   0x0000000000025b64       0x22 ./Libraries/console/consoleCommands.o
 .debug_macro   0x0000000000025b86       0x10 ./Libraries/console/consoleCommands.o
 .debug_macro   0x0000000000025b96      0x2fa ./Libraries/console/consoleIo.o
 .debug_macro   0x0000000000025e90       0x61 ./Libraries/console/consoleIo.o
 .debug_macro   0x0000000000025ef1       0x16 ./Libraries/console/consoleIo.o
 .debug_macro   0x0000000000025f07       0x97 ./Libraries/console/consoleIo.o
 .debug_macro   0x0000000000025f9e       0xfd ./Libraries/console/consoleIo.o
 .debug_macro   0x000000000002609b       0x16 ./Libraries/console/consoleIo.o
 .debug_macro   0x00000000000260b1       0x16 ./Libraries/console/consoleIo.o
 .debug_macro   0x00000000000260c7       0x5d ./Libraries/console/consoleIo.o

.debug_line     0x0000000000000000     0xd17f
 .debug_line    0x0000000000000000      0x750 ./Core/Src/gpio.o
 .debug_line    0x0000000000000750      0x806 ./Core/Src/main.o
 .debug_line    0x0000000000000f56      0x741 ./Core/Src/stm32f7xx_hal_msp.o
 .debug_line    0x0000000000001697      0x803 ./Core/Src/stm32f7xx_it.o
 .debug_line    0x0000000000001e9a      0x7c0 ./Core/Src/system_stm32f7xx.o
 .debug_line    0x000000000000265a      0x7c2 ./Core/Src/usart.o
 .debug_line    0x0000000000002e1c       0x7a ./Core/Startup/startup_stm32f767zitx.o
 .debug_line    0x0000000000002e96      0xa95 ./Drivers/STM32F7xx_HAL_Driver/Src/stm32f7xx_hal.o
 .debug_line    0x000000000000392b      0xe9c ./Drivers/STM32F7xx_HAL_Driver/Src/stm32f7xx_hal_cortex.o
 .debug_line    0x00000000000047c7      0xe23 ./Drivers/STM32F7xx_HAL_Driver/Src/stm32f7xx_hal_gpio.o
 .debug_line    0x00000000000055ea      0x9e8 ./Drivers/STM32F7xx_HAL_Driver/Src/stm32f7xx_hal_pwr_ex.o
 .debug_line    0x0000000000005fd2     0x10b7 ./Drivers/STM32F7xx_HAL_Driver/Src/stm32f7xx_hal_rcc.o
 .debug_line    0x0000000000007089     0x12d3 ./Drivers/STM32F7xx_HAL_Driver/Src/stm32f7xx_hal_rcc_ex.o
 .debug_line    0x000000000000835c     0x339c ./Drivers/STM32F7xx_HAL_Driver/Src/stm32f7xx_hal_uart.o
 .debug_line    0x000000000000b6f8      0xa94 ./Libraries/console/console.o
 .debug_line    0x000000000000c18c      0x6a9 ./Libraries/console/consoleCommands.o
 .debug_line    0x000000000000c835      0x94a ./Libraries/console/consoleIo.o

.debug_str      0x0000000000000000    0xf128e
 .debug_str     0x0000000000000000    0xea982 ./Core/Src/gpio.o
                                      0xeb051 (size before relaxing)
 .debug_str     0x00000000000ea982      0x294 ./Core/Src/main.o
                                      0xeb233 (size before relaxing)
 .debug_str     0x00000000000eac16       0x2c ./Core/Src/stm32f7xx_hal_msp.o
                                      0xeaf86 (size before relaxing)
 .debug_str     0x00000000000eac42       0xc9 ./Core/Src/stm32f7xx_it.o
                                      0xeaeef (size before relaxing)
 .debug_str     0x00000000000ead0b      0x1a4 ./Core/Src/system_stm32f7xx.o
                                      0xeb06e (size before relaxing)
 .debug_str     0x00000000000eaeaf      0x723 ./Core/Src/usart.o
                                      0xeb810 (size before relaxing)
 .debug_str     0x00000000000eb5d2       0x34 ./Core/Startup/startup_stm32f767zitx.o
                                         0x70 (size before relaxing)
 .debug_str     0x00000000000eb606      0xa9a ./Drivers/STM32F7xx_HAL_Driver/Src/stm32f7xx_hal.o
                                      0xebace (size before relaxing)
 .debug_str     0x00000000000ec0a0      0x343 ./Drivers/STM32F7xx_HAL_Driver/Src/stm32f7xx_hal_cortex.o
                                      0xeba80 (size before relaxing)
 .debug_str     0x00000000000ec3e3      0x105 ./Drivers/STM32F7xx_HAL_Driver/Src/stm32f7xx_hal_gpio.o
                                      0xeb13a (size before relaxing)
 .debug_str     0x00000000000ec4e8      0x1d1 ./Drivers/STM32F7xx_HAL_Driver/Src/stm32f7xx_hal_pwr_ex.o
                                      0xeb2eb (size before relaxing)
 .debug_str     0x00000000000ec6b9      0x260 ./Drivers/STM32F7xx_HAL_Driver/Src/stm32f7xx_hal_rcc.o
                                      0xeb3f7 (size before relaxing)
 .debug_str     0x00000000000ec919      0x147 ./Drivers/STM32F7xx_HAL_Driver/Src/stm32f7xx_hal_rcc_ex.o
                                      0xeb35a (size before relaxing)
 .debug_str     0x00000000000eca60      0x8bb ./Drivers/STM32F7xx_HAL_Driver/Src/stm32f7xx_hal_uart.o
                                      0xebd45 (size before relaxing)
 .debug_str     0x00000000000ed31b     0x37b3 ./Libraries/console/console.o
                                       0x7912 (size before relaxing)
 .debug_str     0x00000000000f0ace      0x11a ./Libraries/console/consoleCommands.o
                                       0x75d9 (size before relaxing)
 .debug_str     0x00000000000f0be8      0x6a6 ./Libraries/console/consoleIo.o
                                      0xeebcd (size before relaxing)

.debug_frame    0x0000000000000000     0x220c
 .debug_frame   0x0000000000000000       0x34 ./Core/Src/gpio.o
 .debug_frame   0x0000000000000034       0x90 ./Core/Src/main.o
 .debug_frame   0x00000000000000c4       0x38 ./Core/Src/stm32f7xx_hal_msp.o
 .debug_frame   0x00000000000000fc      0x104 ./Core/Src/stm32f7xx_it.o
 .debug_frame   0x0000000000000200       0x58 ./Core/Src/system_stm32f7xx.o
 .debug_frame   0x0000000000000258       0x78 ./Core/Src/usart.o
 .debug_frame   0x00000000000002d0      0x3f4 ./Drivers/STM32F7xx_HAL_Driver/Src/stm32f7xx_hal.o
 .debug_frame   0x00000000000006c4      0x494 ./Drivers/STM32F7xx_HAL_Driver/Src/stm32f7xx_hal_cortex.o
 .debug_frame   0x0000000000000b58      0x13c ./Drivers/STM32F7xx_HAL_Driver/Src/stm32f7xx_hal_gpio.o
 .debug_frame   0x0000000000000c94      0x1c8 ./Drivers/STM32F7xx_HAL_Driver/Src/stm32f7xx_hal_pwr_ex.o
 .debug_frame   0x0000000000000e5c      0x1fc ./Drivers/STM32F7xx_HAL_Driver/Src/stm32f7xx_hal_rcc.o
 .debug_frame   0x0000000000001058      0x118 ./Drivers/STM32F7xx_HAL_Driver/Src/stm32f7xx_hal_rcc_ex.o
 .debug_frame   0x0000000000001170      0xa08 ./Drivers/STM32F7xx_HAL_Driver/Src/stm32f7xx_hal_uart.o
 .debug_frame   0x0000000000001b78      0x290 ./Libraries/console/console.o
 .debug_frame   0x0000000000001e08       0xe8 ./Libraries/console/consoleCommands.o
 .debug_frame   0x0000000000001ef0       0x78 ./Libraries/console/consoleIo.o
 .debug_frame   0x0000000000001f68       0x30 C:/ST/STM32CubeIDE_1.13.2/STM32CubeIDE/plugins/com.st.stm32cube.ide.mcu.externaltools.gnu-tools-for-stm32.11.3.rel1.win32_1.1.1.202309131626/tools/bin/../lib/gcc/arm-none-eabi/11.3.1/../../../../arm-none-eabi/lib/thumb/v7e-m+dp/hard\libc_nano.a(libc_a-atoi.o)
 .debug_frame   0x0000000000001f98       0x64 C:/ST/STM32CubeIDE_1.13.2/STM32CubeIDE/plugins/com.st.stm32cube.ide.mcu.externaltools.gnu-tools-for-stm32.11.3.rel1.win32_1.1.1.202309131626/tools/bin/../lib/gcc/arm-none-eabi/11.3.1/../../../../arm-none-eabi/lib/thumb/v7e-m+dp/hard\libc_nano.a(libc_a-strtol.o)
 .debug_frame   0x0000000000001ffc      0x144 C:/ST/STM32CubeIDE_1.13.2/STM32CubeIDE/plugins/com.st.stm32cube.ide.mcu.externaltools.gnu-tools-for-stm32.11.3.rel1.win32_1.1.1.202309131626/tools/bin/../lib/gcc/arm-none-eabi/11.3.1/../../../../arm-none-eabi/lib/thumb/v7e-m+dp/hard\libc_nano.a(libc_a-findfp.o)
 .debug_frame   0x0000000000002140       0x20 C:/ST/STM32CubeIDE_1.13.2/STM32CubeIDE/plugins/com.st.stm32cube.ide.mcu.externaltools.gnu-tools-for-stm32.11.3.rel1.win32_1.1.1.202309131626/tools/bin/../lib/gcc/arm-none-eabi/11.3.1/../../../../arm-none-eabi/lib/thumb/v7e-m+dp/hard\libc_nano.a(libc_a-memset.o)
 .debug_frame   0x0000000000002160       0x20 C:/ST/STM32CubeIDE_1.13.2/STM32CubeIDE/plugins/com.st.stm32cube.ide.mcu.externaltools.gnu-tools-for-stm32.11.3.rel1.win32_1.1.1.202309131626/tools/bin/../lib/gcc/arm-none-eabi/11.3.1/../../../../arm-none-eabi/lib/thumb/v7e-m+dp/hard\libc_nano.a(libc_a-errno.o)
 .debug_frame   0x0000000000002180       0x2c C:/ST/STM32CubeIDE_1.13.2/STM32CubeIDE/plugins/com.st.stm32cube.ide.mcu.externaltools.gnu-tools-for-stm32.11.3.rel1.win32_1.1.1.202309131626/tools/bin/../lib/gcc/arm-none-eabi/11.3.1/../../../../arm-none-eabi/lib/thumb/v7e-m+dp/hard\libc_nano.a(libc_a-init.o)
 .debug_frame   0x00000000000021ac       0x2c C:/ST/STM32CubeIDE_1.13.2/STM32CubeIDE/plugins/com.st.stm32cube.ide.mcu.externaltools.gnu-tools-for-stm32.11.3.rel1.win32_1.1.1.202309131626/tools/bin/../lib/gcc/arm-none-eabi/11.3.1/thumb/v7e-m+dp/hard\libgcc.a(_aeabi_uldivmod.o)
 .debug_frame   0x00000000000021d8       0x34 C:/ST/STM32CubeIDE_1.13.2/STM32CubeIDE/plugins/com.st.stm32cube.ide.mcu.externaltools.gnu-tools-for-stm32.11.3.rel1.win32_1.1.1.202309131626/tools/bin/../lib/gcc/arm-none-eabi/11.3.1/thumb/v7e-m+dp/hard\libgcc.a(_udivmoddi4.o)

.debug_line_str
                0x0000000000000000       0x64
 .debug_line_str
                0x0000000000000000       0x64 ./Core/Startup/startup_stm32f767zitx.o
                                         0x7c (size before relaxing)
